218.206.178.114 - - [27/Dec/2016:15:09:22 +0800] "GET /cas-server/login?service=http://218.206.179.233:8182/portal/initiatessologin HTTP/1.1" 200 7232
218.206.178.114 - - [27/Dec/2016:15:09:22 +0800] "GET /cas-server/css/cas.css;jsessionid=0F565F31FCE5E0B57EE926430ACDDAAC HTTP/1.1" 200 7052
218.206.178.114 - - [27/Dec/2016:15:09:22 +0800] "GET /cas-server/js/cas.js;jsessionid=0F565F31FCE5E0B57EE926430ACDDAAC HTTP/1.1" 200 2329
218.206.178.114 - - [27/Dec/2016:15:09:22 +0800] "GET /cas-server/images/ja-sig-logo.gif HTTP/1.1" 200 1502
218.206.178.114 - - [27/Dec/2016:15:09:22 +0800] "GET /cas-server/images/error.gif HTTP/1.1" 200 1084
218.206.178.114 - - [27/Dec/2016:15:09:22 +0800] "GET /cas-server/images/key-point_tl.gif HTTP/1.1" 200 103
218.206.178.114 - - [27/Dec/2016:15:09:22 +0800] "GET /cas-server/images/key-point_tr.gif HTTP/1.1" 200 105
218.206.178.114 - - [27/Dec/2016:15:09:22 +0800] "GET /cas-server/images/key-point_bl.gif HTTP/1.1" 200 102
218.206.178.114 - - [27/Dec/2016:15:09:22 +0800] "GET /cas-server/images/key-point_br.gif HTTP/1.1" 200 186
218.206.178.114 - - [27/Dec/2016:15:09:23 +0800] "GET /cas-server/favicon.ico;jsessionid=0F565F31FCE5E0B57EE926430ACDDAAC HTTP/1.1" 200 170
218.206.178.114 - - [27/Dec/2016:15:09:56 +0800] "GET /cas-server/login?service=http%3A%2F%2F192.168.92.111%3A8081%2FProjectB%2F HTTP/1.1" 200 6993
218.206.178.114 - - [27/Dec/2016:15:09:56 +0800] "GET /cas-server/css/cas.css HTTP/1.1" 200 7052
218.206.178.114 - - [27/Dec/2016:15:09:56 +0800] "GET /cas-server/js/cas.js HTTP/1.1" 200 2329
218.206.178.114 - - [27/Dec/2016:15:09:57 +0800] "GET /cas-server/favicon.ico HTTP/1.1" 200 170
218.206.178.114 - - [27/Dec/2016:15:10:04 +0800] "POST /cas-server/login;jsessionid=0F565F31FCE5E0B57EE926430ACDDAAC?service=http://218.206.179.233:8182/portal/initiatessologin HTTP/1.1" 200 7122
218.206.178.114 - - [27/Dec/2016:15:10:11 +0800] "POST /cas-server/login?service=http://218.206.179.233:8182/portal/initiatessologin HTTP/1.1" 200 7122
218.206.178.114 - - [27/Dec/2016:15:10:28 +0800] "POST /cas-server/login?service=http://218.206.179.233:8182/portal/initiatessologin HTTP/1.1" 200 7124
218.206.178.114 - - [27/Dec/2016:15:10:37 +0800] "POST /cas-server/login?service=http://218.206.179.233:8182/portal/initiatessologin HTTP/1.1" 200 7122
218.206.178.114 - - [27/Dec/2016:15:10:50 +0800] "POST /cas-server/login?service=http://218.206.179.233:8182/portal/initiatessologin HTTP/1.1" 200 7122
218.206.178.114 - - [27/Dec/2016:15:11:41 +0800] "POST /cas-server/login?service=http://218.206.179.233:8182/portal/initiatessologin HTTP/1.1" 200 7122
218.206.178.114 - - [27/Dec/2016:15:11:59 +0800] "POST /cas-server/login?service=http://218.206.179.233:8182/portal/initiatessologin HTTP/1.1" 200 7122
218.206.178.114 - - [27/Dec/2016:15:12:10 +0800] "POST /cas-server/login?service=http%3A%2F%2F192.168.92.111%3A8081%2FProjectB%2F HTTP/1.1" 200 7060
218.206.178.114 - - [27/Dec/2016:15:13:06 +0800] "POST /cas-server/login?service=http%3A%2F%2F192.168.92.111%3A8081%2FProjectB%2F HTTP/1.1" 200 7060
218.206.178.114 - - [27/Dec/2016:15:13:11 +0800] "POST /cas-server/login?service=http%3A%2F%2F192.168.92.111%3A8081%2FProjectB%2F HTTP/1.1" 200 7060
218.206.178.114 - - [27/Dec/2016:15:13:16 +0800] "POST /cas-server/login?service=http%3A%2F%2F192.168.92.111%3A8081%2FProjectB%2F HTTP/1.1" 200 7060
218.206.178.114 - - [27/Dec/2016:15:13:37 +0800] "POST /cas-server/login?service=http://218.206.179.233:8182/portal/initiatessologin HTTP/1.1" 200 7123
218.206.178.114 - - [27/Dec/2016:15:13:38 +0800] "GET /cas-server/favicon.ico HTTP/1.1" 200 170
218.206.178.114 - - [27/Dec/2016:15:14:30 +0800] "GET /cas-server/login?service=http://218.206.179.233:8182/portal/initiatessologin HTTP/1.1" 200 7056
218.206.178.114 - - [27/Dec/2016:15:14:38 +0800] "POST /cas-server/login?service=http://218.206.179.233:8182/portal/initiatessologin HTTP/1.1" 200 7122
218.206.178.114 - - [27/Dec/2016:15:15:11 +0800] "GET /cas-server/login?service=http://218.206.179.233:8182/portal/initiatessologin HTTP/1.1" 200 7056
218.206.178.114 - - [27/Dec/2016:15:15:21 +0800] "GET /cas-server/login?service=http://218.206.179.233:8182/portal/initiatessologin HTTP/1.1" 200 7056
218.206.178.114 - - [27/Dec/2016:15:15:26 +0800] "POST /cas-server/login?service=http://218.206.179.233:8182/portal/initiatessologin HTTP/1.1" 200 7122
218.206.178.114 - - [27/Dec/2016:15:34:26 +0800] "POST /cas-server/login?service=http%3A%2F%2F192.168.92.111%3A8081%2FProjectB%2F HTTP/1.1" 302 -
218.206.178.114 - - [27/Dec/2016:15:34:26 +0800] "GET /cas-server/login?service=http%3A%2F%2F192.168.92.111%3A8081%2FProjectB%2F HTTP/1.1" 200 6993
218.206.178.114 - - [27/Dec/2016:15:42:52 +0800] "POST /cas-server/login?service=http%3A%2F%2F192.168.92.111%3A8081%2FProjectB%2F HTTP/1.1" 302 -
218.206.178.114 - - [27/Dec/2016:15:42:52 +0800] "GET /cas-server/login?service=http%3A%2F%2F192.168.92.111%3A8081%2FProjectB%2F HTTP/1.1" 200 6993
218.206.178.114 - - [27/Dec/2016:15:42:57 +0800] "POST /cas-server/login?service=http%3A%2F%2F192.168.92.111%3A8081%2FProjectB%2F HTTP/1.1" 200 7059
218.206.178.114 - - [27/Dec/2016:15:43:06 +0800] "POST /cas-server/login?service=http%3A%2F%2F192.168.92.111%3A8081%2FProjectB%2F HTTP/1.1" 200 7059
218.206.178.114 - - [27/Dec/2016:15:43:12 +0800] "POST /cas-server/login?service=http%3A%2F%2F192.168.92.111%3A8081%2FProjectB%2F HTTP/1.1" 200 7060
218.206.178.114 - - [27/Dec/2016:15:43:16 +0800] "POST /cas-server/login?service=http%3A%2F%2F192.168.92.111%3A8081%2FProjectB%2F HTTP/1.1" 200 7060
218.206.178.114 - - [27/Dec/2016:16:03:27 +0800] "POST /cas-server/login?service=http%3A%2F%2F192.168.92.111%3A8081%2FProjectB%2F HTTP/1.1" 302 -
218.206.178.114 - - [27/Dec/2016:16:03:27 +0800] "GET /cas-server/login?service=http%3A%2F%2F192.168.92.111%3A8081%2FProjectB%2F HTTP/1.1" 200 6994
218.206.178.114 - - [27/Dec/2016:16:05:13 +0800] "POST /cas-server/login?service=http%3A%2F%2F192.168.92.111%3A8081%2FProjectB%2F HTTP/1.1" 302 -
218.206.178.114 - - [27/Dec/2016:16:05:13 +0800] "POST /cas-server/login?service=http%3A%2F%2F192.168.92.111%3A8081%2FProjectB%2F HTTP/1.1" 200 7073
218.206.178.114 - - [27/Dec/2016:16:05:15 +0800] "GET /cas-server/login?service=%5BLjava.lang.String%3B%4084eccaf&username=%5BLjava.lang.String%3B%406d5ff96b&password=%5BLjava.lang.String%3B%4037f017e6&lt=%5BLjava.lang.String%3B%4073b119ba&execution=%5BLjava.lang.String%3B%4070103dac&_eventId=%5BLjava.lang.String%3B%403a4120ae&submit=%5BLjava.lang.String%3B%409c89d63 HTTP/1.1" 500 2067
218.206.178.114 - - [27/Dec/2016:16:05:22 +0800] "POST /cas-server/login?service=http%3A%2F%2F192.168.92.111%3A8081%2FProjectB%2F HTTP/1.1" 302 -
218.206.178.114 - - [27/Dec/2016:16:05:23 +0800] "GET /cas-server/login?service=%5BLjava.lang.String%3B%40dd6b799&username=%5BLjava.lang.String%3B%40bafa4e8&password=%5BLjava.lang.String%3B%4038738156&lt=%5BLjava.lang.String%3B%402730520e&execution=%5BLjava.lang.String%3B%40555b293b&_eventId=%5BLjava.lang.String%3B%4053f00c44&submit=%5BLjava.lang.String%3B%4034b56f69 HTTP/1.1" 500 2067
218.206.178.114 - - [27/Dec/2016:16:05:58 +0800] "GET /cas-server/login?service=http://218.206.179.233:8182/portal/initiatessologin HTTP/1.1" 200 7057
218.206.178.114 - - [27/Dec/2016:16:06:03 +0800] "POST /cas-server/login?service=http://218.206.179.233:8182/portal/initiatessologin HTTP/1.1" 200 7123
218.206.178.114 - - [27/Dec/2016:16:23:31 +0800] "GET /ProjectA HTTP/1.1" 302 -
218.206.178.114 - - [27/Dec/2016:16:23:31 +0800] "GET /ProjectA/ HTTP/1.1" 302 -
218.206.178.114 - - [27/Dec/2016:16:23:32 +0800] "GET /cas-server/login?service=http%3A%2F%2F192.168.85.233%3A8086%2FProjectA%2F HTTP/1.1" 200 6993
218.206.178.114 - - [27/Dec/2016:16:23:42 +0800] "POST /cas-server/login?service=http%3A%2F%2F192.168.85.233%3A8086%2FProjectA%2F HTTP/1.1" 200 7061
218.206.178.114 - - [27/Dec/2016:16:23:51 +0800] "POST /cas-server/login?service=http%3A%2F%2F192.168.85.233%3A8086%2FProjectA%2F HTTP/1.1" 200 7059
218.206.178.114 - - [27/Dec/2016:16:28:12 +0800] "GET /cas-server/login?service=http://218.206.179.233:8182/portal/initiatessologin HTTP/1.1" 200 7056
218.206.178.114 - - [27/Dec/2016:16:28:54 +0800] "POST /cas-server/login?service=http://218.206.179.233:8182/portal/initiatessologin HTTP/1.1" 302 -
218.206.179.233 - - [27/Dec/2016:16:28:55 +0800] "GET /cas-server/proxyValidate?ticket=ST-1-1aVf2vRVIVO9h7d2mW3C-cas01.example.org&service=http%3A%2F%2F218.206.179.233%3A8182%2Fportal%2Finitiatessologin HTTP/1.1" 200 177
218.206.178.114 - - [27/Dec/2016:16:30:36 +0800] "GET /cas-server/logout?service=http://218.206.179.233:8182/portal/classic/ HTTP/1.1" 302 -
218.206.178.114 - - [27/Dec/2016:16:30:39 +0800] "GET /cas-server/login?service=http://218.206.179.233:8182/portal/initiatessologin HTTP/1.1" 200 7056
218.206.178.114 - - [27/Dec/2016:16:30:49 +0800] "POST /cas-server/login?service=http://218.206.179.233:8182/portal/initiatessologin HTTP/1.1" 200 7126
218.206.178.114 - - [27/Dec/2016:16:30:56 +0800] "POST /cas-server/login?service=http://218.206.179.233:8182/portal/initiatessologin HTTP/1.1" 200 7127
218.206.178.114 - - [27/Dec/2016:16:31:03 +0800] "POST /cas-server/login?service=http://218.206.179.233:8182/portal/initiatessologin HTTP/1.1" 200 7126
218.206.178.114 - - [27/Dec/2016:16:32:16 +0800] "POST /cas-server/login?service=http://218.206.179.233:8182/portal/initiatessologin HTTP/1.1" 200 7122
218.206.178.114 - - [27/Dec/2016:16:32:20 +0800] "POST /cas-server/login?service=http://218.206.179.233:8182/portal/initiatessologin HTTP/1.1" 200 7123
218.206.178.114 - - [27/Dec/2016:16:32:27 +0800] "POST /cas-server/login?service=http://218.206.179.233:8182/portal/initiatessologin HTTP/1.1" 200 7128
218.206.178.114 - - [27/Dec/2016:16:32:36 +0800] "POST /cas-server/login?service=http://218.206.179.233:8182/portal/initiatessologin HTTP/1.1" 302 -
218.206.179.233 - - [27/Dec/2016:16:32:36 +0800] "GET /cas-server/proxyValidate?ticket=ST-2-WqWRxOMWux5KpbEiqT2E-cas01.example.org&service=http%3A%2F%2F218.206.179.233%3A8182%2Fportal%2Finitiatessologin HTTP/1.1" 200 177
218.206.178.114 - - [27/Dec/2016:16:49:41 +0800] "GET /cas-server/login?service=http://218.206.179.233:8182/portal/initiatessologin HTTP/1.1" 200 7056
218.206.178.114 - - [27/Dec/2016:16:49:49 +0800] "POST /cas-server/login?service=http://218.206.179.233:8182/portal/initiatessologin HTTP/1.1" 200 7122
218.206.178.114 - - [27/Dec/2016:16:50:10 +0800] "POST /cas-server/login?service=http://218.206.179.233:8182/portal/initiatessologin HTTP/1.1" 200 7124
218.206.178.114 - - [27/Dec/2016:16:50:35 +0800] "POST /cas-server/login?service=http://218.206.179.233:8182/portal/initiatessologin HTTP/1.1" 200 7124
218.206.178.114 - - [27/Dec/2016:16:50:36 +0800] "GET /cas-server/favicon.ico HTTP/1.1" 200 170
218.206.178.114 - - [27/Dec/2016:16:50:45 +0800] "POST /cas-server/login?service=http://218.206.179.233:8182/portal/initiatessologin HTTP/1.1" 200 7122
218.206.178.114 - - [27/Dec/2016:16:51:07 +0800] "POST /cas-server/login?service=http://218.206.179.233:8182/portal/initiatessologin HTTP/1.1" 200 7122
218.206.178.114 - - [27/Dec/2016:16:51:17 +0800] "POST /cas-server/login?service=http://218.206.179.233:8182/portal/initiatessologin HTTP/1.1" 200 7122
218.206.178.114 - - [27/Dec/2016:16:54:13 +0800] "POST /cas-server/login?service=http://218.206.179.233:8182/portal/initiatessologin HTTP/1.1" 200 7122
218.206.178.114 - - [27/Dec/2016:17:11:09 +0800] "GET /cas-server/login?service=http://218.206.179.233:8182/portal/initiatessologin HTTP/1.1" 200 7056
218.206.178.114 - - [27/Dec/2016:17:11:15 +0800] "GET /cas-server/login?service=http://218.206.179.233:8182/portal/initiatessologin HTTP/1.1" 200 7056
218.206.178.114 - - [27/Dec/2016:17:11:24 +0800] "POST /cas-server/login?service=http://218.206.179.233:8182/portal/initiatessologin HTTP/1.1" 200 7122
218.206.178.114 - - [27/Dec/2016:17:15:01 +0800] "GET /cas-server/login?service=http://218.206.179.233:8182/portal/initiatessologin HTTP/1.1" 200 7056
218.206.178.114 - - [27/Dec/2016:17:15:05 +0800] "POST /cas-server/login?service=http://218.206.179.233:8182/portal/initiatessologin HTTP/1.1" 200 7126
218.206.178.114 - - [27/Dec/2016:17:15:11 +0800] "POST /cas-server/login?service=http://218.206.179.233:8182/portal/initiatessologin HTTP/1.1" 200 7123
218.206.178.114 - - [27/Dec/2016:17:15:12 +0800] "POST /cas-server/login?service=http://218.206.179.233:8182/portal/initiatessologin HTTP/1.1" 302 -
218.206.178.114 - - [27/Dec/2016:17:15:12 +0800] "GET /cas-server/login?service=%5BLjava.lang.String%3B%405046497b&username=%5BLjava.lang.String%3B%4036825369&password=%5BLjava.lang.String%3B%4026322e74&lt=%5BLjava.lang.String%3B%402887d543&execution=%5BLjava.lang.String%3B%406dc2367e&_eventId=%5BLjava.lang.String%3B%406987c27d&submit=%5BLjava.lang.String%3B%404ff1d2ab HTTP/1.1" 500 2067
218.206.178.114 - - [27/Dec/2016:17:15:20 +0800] "POST /cas-server/login?service=http://218.206.179.233:8182/portal/initiatessologin HTTP/1.1" 200 7114
218.206.178.114 - - [27/Dec/2016:17:15:21 +0800] "GET /cas-server/favicon.ico HTTP/1.1" 200 170
218.206.178.114 - - [27/Dec/2016:17:15:44 +0800] "POST /cas-server/login?service=http://218.206.179.233:8182/portal/initiatessologin HTTP/1.1" 200 7123
218.206.178.114 - - [27/Dec/2016:17:15:51 +0800] "POST /cas-server/login?service=http://218.206.179.233:8182/portal/initiatessologin HTTP/1.1" 200 7123
218.206.178.114 - - [27/Dec/2016:17:15:56 +0800] "POST /cas-server/login?service=http://218.206.179.233:8182/portal/initiatessologin HTTP/1.1" 200 7123
218.206.178.114 - - [27/Dec/2016:17:16:05 +0800] "POST /cas-server/login?service=http://218.206.179.233:8182/portal/initiatessologin HTTP/1.1" 200 7123
218.206.178.114 - - [27/Dec/2016:17:20:50 +0800] "POST /cas-server/login?service=http://218.206.179.233:8182/portal/initiatessologin HTTP/1.1" 302 -
218.206.179.233 - - [27/Dec/2016:17:20:50 +0800] "GET /cas-server/proxyValidate?ticket=ST-1-2bGHQNsikOueMlJwc5H4-cas01.example.org&service=http%3A%2F%2F218.206.179.233%3A8182%2Fportal%2Finitiatessologin HTTP/1.1" 200 174
218.206.178.114 - - [27/Dec/2016:17:21:25 +0800] "GET /cas-server/logout?service=http://218.206.179.233:8182/portal/classic/ HTTP/1.1" 302 -
218.206.178.114 - - [27/Dec/2016:17:21:28 +0800] "GET /cas-server/login?service=http://218.206.179.233:8182/portal/initiatessologin HTTP/1.1" 200 7057
218.206.178.114 - - [27/Dec/2016:17:21:43 +0800] "POST /cas-server/login?service=http://218.206.179.233:8182/portal/initiatessologin HTTP/1.1" 200 7123
218.206.178.114 - - [27/Dec/2016:17:21:52 +0800] "POST /cas-server/login?service=http://218.206.179.233:8182/portal/initiatessologin HTTP/1.1" 200 7128
218.206.178.114 - - [27/Dec/2016:17:22:00 +0800] "POST /cas-server/login?service=http://218.206.179.233:8182/portal/initiatessologin HTTP/1.1" 200 7123
218.206.178.114 - - [27/Dec/2016:17:22:18 +0800] "POST /cas-server/login?service=http://218.206.179.233:8182/portal/initiatessologin HTTP/1.1" 302 -
218.206.179.233 - - [27/Dec/2016:17:22:18 +0800] "GET /cas-server/proxyValidate?ticket=ST-2-dA2gLBA31DlC3TBUgf3s-cas01.example.org&service=http%3A%2F%2F218.206.179.233%3A8182%2Fportal%2Finitiatessologin HTTP/1.1" 200 174
218.206.178.114 - - [27/Dec/2016:17:22:32 +0800] "GET /cas-server/logout?service=http://218.206.179.233:8182/portal/finacials/ HTTP/1.1" 302 -
218.206.178.114 - - [27/Dec/2016:17:22:33 +0800] "GET /cas-server/login?service=http://218.206.179.233:8182/portal/initiatessologin HTTP/1.1" 200 7057
218.206.178.114 - - [27/Dec/2016:17:23:00 +0800] "POST /cas-server/login?service=http://218.206.179.233:8182/portal/initiatessologin HTTP/1.1" 302 -
218.206.179.233 - - [27/Dec/2016:17:23:00 +0800] "GET /cas-server/proxyValidate?ticket=ST-3-CtdGi96qLXOaIOjFlHAz-cas01.example.org&service=http%3A%2F%2F218.206.179.233%3A8182%2Fportal%2Finitiatessologin HTTP/1.1" 200 174
218.206.178.114 - - [27/Dec/2016:17:24:44 +0800] "GET /cas-server/login?service=http%3A%2F%2F192.168.92.111%3A8081%2FProjectB%2F HTTP/1.1" 200 7170
218.206.178.114 - - [27/Dec/2016:17:24:44 +0800] "GET /cas-server/css/cas.css;jsessionid=0C98436780553EDC4DBE106C98F160B0 HTTP/1.1" 200 7052
218.206.178.114 - - [27/Dec/2016:17:24:44 +0800] "GET /cas-server/js/cas.js;jsessionid=0C98436780553EDC4DBE106C98F160B0 HTTP/1.1" 200 2329
218.206.178.114 - - [27/Dec/2016:17:24:44 +0800] "GET /cas-server/images/ja-sig-logo.gif HTTP/1.1" 200 1502
218.206.178.114 - - [27/Dec/2016:17:24:44 +0800] "GET /cas-server/images/error.gif HTTP/1.1" 200 1084
218.206.178.114 - - [27/Dec/2016:17:24:44 +0800] "GET /cas-server/images/key-point_tr.gif HTTP/1.1" 200 105
218.206.178.114 - - [27/Dec/2016:17:24:44 +0800] "GET /cas-server/images/key-point_tl.gif HTTP/1.1" 200 103
218.206.178.114 - - [27/Dec/2016:17:24:44 +0800] "GET /cas-server/images/key-point_bl.gif HTTP/1.1" 200 102
218.206.178.114 - - [27/Dec/2016:17:24:44 +0800] "GET /cas-server/images/key-point_br.gif HTTP/1.1" 200 186
218.206.178.114 - - [27/Dec/2016:17:25:14 +0800] "GET /cas-server/favicon.ico;jsessionid=0C98436780553EDC4DBE106C98F160B0 HTTP/1.1" 200 170
218.206.178.114 - - [27/Dec/2016:17:25:15 +0800] "GET /cas-server/login?service=http%3A%2F%2F192.168.92.111%3A8081%2FProjectB%2F HTTP/1.1" 302 -
192.168.92.111 - - [27/Dec/2016:17:25:15 +0800] "GET /cas-server/serviceValidate?ticket=ST-4-YESalJL7oddz1rWdn1GV-cas01.example.org&service=http%3A%2F%2F192.168.92.111%3A8081%2FProjectB%2F%3Bjsessionid%3D4378BA3CB02FCF13E3947B77369C2E24 HTTP/1.1" 200 174
218.206.178.114 - - [27/Dec/2016:17:29:27 +0800] "GET /cas-server/logout?service=http://218.206.179.233:8182/portal/g/:organization:management:executive-board/organization/management HTTP/1.1" 302 -
218.206.178.114 - - [27/Dec/2016:17:29:30 +0800] "GET /cas-server/login?service=http://218.206.179.233:8182/portal/initiatessologin HTTP/1.1" 200 7057
218.206.178.114 - - [27/Dec/2016:17:29:38 +0800] "POST /cas-server/login?service=http://218.206.179.233:8182/portal/initiatessologin HTTP/1.1" 302 -
218.206.179.233 - - [27/Dec/2016:17:29:38 +0800] "GET /cas-server/proxyValidate?ticket=ST-5-9tY14ThnWqZzY6S4dsho-cas01.example.org&service=http%3A%2F%2F218.206.179.233%3A8182%2Fportal%2Finitiatessologin HTTP/1.1" 200 174
218.206.178.114 - - [27/Dec/2016:17:40:56 +0800] "GET /cas-server/login?service=http%3A%2F%2F192.168.92.111%3A8081%2FProjectB%2F HTTP/1.1" 200 6994
218.206.178.114 - - [27/Dec/2016:17:40:56 +0800] "GET /cas-server/css/cas.css HTTP/1.1" 200 7052
218.206.178.114 - - [27/Dec/2016:17:40:56 +0800] "GET /cas-server/js/cas.js HTTP/1.1" 200 2329
218.206.178.114 - - [27/Dec/2016:17:41:09 +0800] "POST /cas-server/login?service=http%3A%2F%2F192.168.92.111%3A8081%2FProjectB%2F HTTP/1.1" 200 7060
218.206.178.114 - - [27/Dec/2016:17:41:14 +0800] "POST /cas-server/login?service=http%3A%2F%2F192.168.92.111%3A8081%2FProjectB%2F HTTP/1.1" 302 -
192.168.92.111 - - [27/Dec/2016:17:41:14 +0800] "GET /cas-server/serviceValidate?ticket=ST-6-dJoVOgEnZlC3UuJYPfAC-cas01.example.org&service=http%3A%2F%2F192.168.92.111%3A8081%2FProjectB%2F%3Bjsessionid%3DAFD78C9BF192DB1CD2AD45CE4C30F72C HTTP/1.1" 200 174
218.206.178.114 - - [27/Dec/2016:17:41:36 +0800] "GET /cas-server/login?service=http://218.206.179.233:8182/portal/initiatessologin HTTP/1.1" 302 -
218.206.179.233 - - [27/Dec/2016:17:41:36 +0800] "GET /cas-server/proxyValidate?ticket=ST-7-DnDmx9HKZ9jTuApypIpX-cas01.example.org&service=http%3A%2F%2F218.206.179.233%3A8182%2Fportal%2Finitiatessologin HTTP/1.1" 200 174
218.206.178.114 - - [27/Dec/2016:17:41:50 +0800] "GET /cas-server/login?service=http://218.206.179.233:8182/portal/initiatessologin HTTP/1.1" 200 7233
218.206.178.114 - - [27/Dec/2016:17:41:50 +0800] "GET /cas-server/css/cas.css;jsessionid=DC1E67827B4545FCB813D625C7D2A6DE HTTP/1.1" 200 7052
218.206.178.114 - - [27/Dec/2016:17:41:50 +0800] "GET /cas-server/js/cas.js;jsessionid=DC1E67827B4545FCB813D625C7D2A6DE HTTP/1.1" 200 2329
218.206.178.114 - - [27/Dec/2016:17:41:50 +0800] "GET /cas-server/images/ja-sig-logo.gif HTTP/1.1" 200 1502
218.206.178.114 - - [27/Dec/2016:17:41:50 +0800] "GET /cas-server/images/error.gif HTTP/1.1" 200 1084
218.206.178.114 - - [27/Dec/2016:17:41:50 +0800] "GET /cas-server/images/key-point_br.gif HTTP/1.1" 200 186
218.206.178.114 - - [27/Dec/2016:17:41:50 +0800] "GET /cas-server/images/key-point_tl.gif HTTP/1.1" 200 103
218.206.178.114 - - [27/Dec/2016:17:41:50 +0800] "GET /cas-server/images/key-point_tr.gif HTTP/1.1" 200 105
218.206.178.114 - - [27/Dec/2016:17:41:50 +0800] "GET /cas-server/images/key-point_bl.gif HTTP/1.1" 200 102
218.206.178.114 - - [27/Dec/2016:17:42:20 +0800] "GET /cas-server/favicon.ico;jsessionid=DC1E67827B4545FCB813D625C7D2A6DE HTTP/1.1" 200 170
218.206.178.114 - - [27/Dec/2016:17:55:39 +0800] "GET /cas-server/login?service=http://218.206.179.233:8182/portal/initiatessologin HTTP/1.1" 200 7057
218.206.178.114 - - [27/Dec/2016:17:55:39 +0800] "GET /cas-server/css/cas.css HTTP/1.1" 200 7052
218.206.178.114 - - [27/Dec/2016:17:55:39 +0800] "GET /cas-server/js/cas.js HTTP/1.1" 200 2329
218.206.178.114 - - [27/Dec/2016:17:55:46 +0800] "POST /cas-server/login?service=http://218.206.179.233:8182/portal/initiatessologin HTTP/1.1" 302 -
218.206.179.233 - - [27/Dec/2016:17:55:46 +0800] "GET /cas-server/proxyValidate?ticket=ST-8-4LiCILo1hajdbfQGqIG2-cas01.example.org&service=http%3A%2F%2F218.206.179.233%3A8182%2Fportal%2Finitiatessologin HTTP/1.1" 200 174
218.206.178.114 - - [27/Dec/2016:17:55:53 +0800] "GET /cas-server/login?service=http%3A%2F%2F192.168.92.111%3A8081%2FProjectB%2F HTTP/1.1" 302 -
192.168.92.111 - - [27/Dec/2016:17:55:53 +0800] "GET /cas-server/serviceValidate?ticket=ST-9-FrDqeeTcYIeRlIdS4FXB-cas01.example.org&service=http%3A%2F%2F192.168.92.111%3A8081%2FProjectB%2F%3Bjsessionid%3D4CA92B65FF289143B2E6212B98385C56 HTTP/1.1" 200 174
218.206.178.114 - - [27/Dec/2016:17:57:20 +0800] "GET /cas-server/logout?service=http://218.206.179.233:8182/portal/classic/justTest HTTP/1.1" 302 -
218.206.178.114 - - [27/Dec/2016:17:57:24 +0800] "GET /cas-server/login?service=http://218.206.179.233:8182/portal/initiatessologin HTTP/1.1" 200 7057
218.206.178.114 - - [27/Dec/2016:17:57:32 +0800] "GET /cas-server/login?service=http://218.206.179.233:8182/portal/initiatessologin&locale=zh_TW HTTP/1.1" 200 7074
218.206.178.114 - - [27/Dec/2016:17:57:47 +0800] "GET /cas-server/login?service=http://218.206.179.233:8182/portal/initiatessologin&locale=zh_CN HTTP/1.1" 200 7074
218.206.178.114 - - [27/Dec/2016:17:58:24 +0800] "GET /cas-server/login?service=http://218.206.179.233:8182/portal/initiatessologin&locale=zh_TW HTTP/1.1" 200 7074
218.206.178.114 - - [27/Dec/2016:17:58:25 +0800] "GET /cas-server/login?service=http://218.206.179.233:8182/portal/initiatessologin HTTP/1.1" 200 7057
218.206.178.114 - - [27/Dec/2016:18:09:37 +0800] "GET /cas-server/logout?service=http://218.206.179.233:8182/portal/g/:organization:management:executive-board/organization/newStaff HTTP/1.1" 302 -
218.206.178.114 - - [27/Dec/2016:18:09:40 +0800] "GET /cas-server/login?service=http://218.206.179.233:8182/portal/initiatessologin HTTP/1.1" 200 7057
218.206.178.114 - - [27/Dec/2016:18:09:47 +0800] "POST /cas-server/login?service=http://218.206.179.233:8182/portal/initiatessologin HTTP/1.1" 302 -
218.206.179.233 - - [27/Dec/2016:18:09:47 +0800] "GET /cas-server/proxyValidate?ticket=ST-10-axpPiN52jUkUxzz6NDLp-cas01.example.org&service=http%3A%2F%2F218.206.179.233%3A8182%2Fportal%2Finitiatessologin HTTP/1.1" 200 177
