218.206.178.114 - - [28/Dec/2016:11:05:39 +0800] "GET /cas-server/login?service=http://218.206.179.233:8182/portal/initiatessologin HTTP/1.1" 200 7233
218.206.178.114 - - [28/Dec/2016:11:05:39 +0800] "GET /cas-server/css/cas.css;jsessionid=9EA8EFBDB7E674CF22366A5A525CA662 HTTP/1.1" 200 7052
218.206.178.114 - - [28/Dec/2016:11:05:39 +0800] "GET /cas-server/js/cas.js;jsessionid=9EA8EFBDB7E674CF22366A5A525CA662 HTTP/1.1" 200 2329
218.206.178.114 - - [28/Dec/2016:11:05:39 +0800] "GET /cas-server/images/ja-sig-logo.gif HTTP/1.1" 200 1502
218.206.178.114 - - [28/Dec/2016:11:05:39 +0800] "GET /cas-server/images/error.gif HTTP/1.1" 200 1084
218.206.178.114 - - [28/Dec/2016:11:05:39 +0800] "GET /cas-server/images/key-point_tr.gif HTTP/1.1" 200 105
218.206.178.114 - - [28/Dec/2016:11:05:39 +0800] "GET /cas-server/images/key-point_tl.gif HTTP/1.1" 200 103
218.206.178.114 - - [28/Dec/2016:11:05:39 +0800] "GET /cas-server/images/key-point_bl.gif HTTP/1.1" 200 102
218.206.178.114 - - [28/Dec/2016:11:05:39 +0800] "GET /cas-server/images/key-point_br.gif HTTP/1.1" 200 186
218.206.178.114 - - [28/Dec/2016:11:06:12 +0800] "GET /favicon.ico HTTP/1.1" 200 21630
218.206.178.114 - - [28/Dec/2016:11:06:13 +0800] "GET /cas-server/favicon.ico;jsessionid=9EA8EFBDB7E674CF22366A5A525CA662 HTTP/1.1" 200 170
218.206.178.114 - - [28/Dec/2016:11:07:09 +0800] "POST /cas-server/login;jsessionid=9EA8EFBDB7E674CF22366A5A525CA662?service=http://218.206.179.233:8182/portal/initiatessologin HTTP/1.1" 200 7126
218.206.178.114 - - [28/Dec/2016:11:07:09 +0800] "GET /cas-server/css/cas.css HTTP/1.1" 200 7052
218.206.178.114 - - [28/Dec/2016:11:07:09 +0800] "GET /cas-server/js/cas.js HTTP/1.1" 200 2329
218.206.178.114 - - [28/Dec/2016:11:07:09 +0800] "GET /cas-server/favicon.ico HTTP/1.1" 200 170
218.206.178.114 - - [28/Dec/2016:11:07:21 +0800] "POST /cas-server/login?service=http://218.206.179.233:8182/portal/initiatessologin HTTP/1.1" 302 -
218.206.179.233 - - [28/Dec/2016:11:07:21 +0800] "GET /cas-server/proxyValidate?ticket=ST-11-4Ix1eFQyuzNfBQkdFwKx-cas01.example.org&service=http%3A%2F%2F218.206.179.233%3A8182%2Fportal%2Finitiatessologin HTTP/1.1" 200 177
218.206.178.114 - - [28/Dec/2016:11:07:23 +0800] "POST /cas-server/login?service=http://218.206.179.233:8182/portal/initiatessologin HTTP/1.1" 302 -
218.206.178.114 - - [28/Dec/2016:11:07:23 +0800] "GET /cas-server/login?service=http://218.206.179.233:8182/portal/initiatessologin HTTP/1.1" 302 -
218.206.179.233 - - [28/Dec/2016:11:07:23 +0800] "GET /cas-server/proxyValidate?ticket=ST-12-JBr0s9boboUQ0jjSXABW-cas01.example.org&service=http%3A%2F%2F218.206.179.233%3A8182%2Fportal%2Finitiatessologin HTTP/1.1" 200 177
218.206.179.233 - - [28/Dec/2016:11:07:34 +0800] "GET /cas-server/proxyValidate?ticket=ST-11-4Ix1eFQyuzNfBQkdFwKx-cas01.example.org&service=http%3A%2F%2F218.206.179.233%3A8182%2Fportal%2Finitiatessologin HTTP/1.1" 200 256
218.206.179.233 - - [28/Dec/2016:11:07:35 +0800] "GET /cas-server/proxyValidate?ticket=ST-12-JBr0s9boboUQ0jjSXABW-cas01.example.org&service=http%3A%2F%2F218.206.179.233%3A8182%2Fportal%2Finitiatessologin HTTP/1.1" 200 256
218.206.179.233 - - [28/Dec/2016:11:07:46 +0800] "GET /cas-server/proxyValidate?ticket=ST-11-4Ix1eFQyuzNfBQkdFwKx-cas01.example.org&service=http%3A%2F%2F218.206.179.233%3A8182%2Fportal%2Finitiatessologin HTTP/1.1" 200 256
218.206.178.114 - - [28/Dec/2016:14:24:43 +0800] "GET /cas-server/login?service=http://218.206.179.233:8182/portal/initiatessologin HTTP/1.1" 200 7233
218.206.178.114 - - [28/Dec/2016:14:24:43 +0800] "GET /cas-server/css/cas.css;jsessionid=012EE9759827A81074429ADC4CE744FB HTTP/1.1" 200 7052
218.206.178.114 - - [28/Dec/2016:14:24:43 +0800] "GET /cas-server/js/cas.js;jsessionid=012EE9759827A81074429ADC4CE744FB HTTP/1.1" 200 2329
218.206.178.114 - - [28/Dec/2016:14:24:43 +0800] "GET /cas-server/favicon.ico;jsessionid=012EE9759827A81074429ADC4CE744FB HTTP/1.1" 200 170
218.206.178.114 - - [28/Dec/2016:14:25:10 +0800] "POST /cas-server/login;jsessionid=012EE9759827A81074429ADC4CE744FB?service=http://218.206.179.233:8182/portal/initiatessologin HTTP/1.1" 302 -
218.206.179.233 - - [28/Dec/2016:14:25:10 +0800] "GET /cas-server/proxyValidate?ticket=ST-13-OS27ScKwzzhR3q9dG4NZ-cas01.example.org&service=http%3A%2F%2F218.206.179.233%3A8182%2Fportal%2Finitiatessologin HTTP/1.1" 200 174
218.206.179.233 - - [28/Dec/2016:14:25:22 +0800] "GET /cas-server/proxyValidate?ticket=ST-13-OS27ScKwzzhR3q9dG4NZ-cas01.example.org&service=http%3A%2F%2F218.206.179.233%3A8182%2Fportal%2Finitiatessologin HTTP/1.1" 200 256
218.206.178.114 - - [28/Dec/2016:14:30:32 +0800] "GET /cas-server/login?service=http://218.206.179.233:8182/portal/initiatessologin HTTP/1.1" 200 7233
218.206.178.114 - - [28/Dec/2016:14:30:32 +0800] "GET /cas-server/css/cas.css;jsessionid=4329A91B6D37C4E1322A12FCD5D30260 HTTP/1.1" 200 7052
218.206.178.114 - - [28/Dec/2016:14:30:32 +0800] "GET /cas-server/js/cas.js;jsessionid=4329A91B6D37C4E1322A12FCD5D30260 HTTP/1.1" 200 2329
218.206.178.114 - - [28/Dec/2016:14:30:32 +0800] "GET /cas-server/images/ja-sig-logo.gif HTTP/1.1" 200 1502
218.206.178.114 - - [28/Dec/2016:14:30:32 +0800] "GET /cas-server/images/error.gif HTTP/1.1" 200 1084
218.206.178.114 - - [28/Dec/2016:14:30:32 +0800] "GET /cas-server/images/key-point_tr.gif HTTP/1.1" 200 105
218.206.178.114 - - [28/Dec/2016:14:30:32 +0800] "GET /cas-server/images/key-point_tl.gif HTTP/1.1" 200 103
218.206.178.114 - - [28/Dec/2016:14:30:32 +0800] "GET /cas-server/images/key-point_br.gif HTTP/1.1" 200 186
218.206.178.114 - - [28/Dec/2016:14:30:32 +0800] "GET /cas-server/images/key-point_bl.gif HTTP/1.1" 200 102
218.206.178.114 - - [28/Dec/2016:14:30:35 +0800] "GET /cas-server/favicon.ico;jsessionid=4329A91B6D37C4E1322A12FCD5D30260 HTTP/1.1" 200 170
218.206.178.114 - - [28/Dec/2016:14:31:13 +0800] "GET /cas-server/login?service=http://218.206.179.233:8182/portal/initiatessologin HTTP/1.1" 200 7057
218.206.178.114 - - [28/Dec/2016:14:31:13 +0800] "GET /cas-server/css/cas.css HTTP/1.1" 200 7052
218.206.178.114 - - [28/Dec/2016:14:31:13 +0800] "GET /cas-server/js/cas.js HTTP/1.1" 200 2329
218.206.178.114 - - [28/Dec/2016:14:31:23 +0800] "POST /cas-server/login?service=http://218.206.179.233:8182/portal/initiatessologin HTTP/1.1" 302 -
218.206.179.233 - - [28/Dec/2016:14:31:23 +0800] "GET /cas-server/proxyValidate?ticket=ST-14-te3gLTMImTVlCGO0kvMW-cas01.example.org&service=http%3A%2F%2F218.206.179.233%3A8182%2Fportal%2Finitiatessologin HTTP/1.1" 200 178
218.206.179.233 - - [28/Dec/2016:14:31:35 +0800] "GET /cas-server/proxyValidate?ticket=ST-14-te3gLTMImTVlCGO0kvMW-cas01.example.org&service=http%3A%2F%2F218.206.179.233%3A8182%2Fportal%2Finitiatessologin HTTP/1.1" 200 256
218.206.178.114 - - [28/Dec/2016:14:33:28 +0800] "GET /cas-server/login?service=http%3A%2F%2F192.168.92.111%3A8081%2FProjectB%2F HTTP/1.1" 302 -
192.168.92.111 - - [28/Dec/2016:14:33:28 +0800] "GET /cas-server/serviceValidate?ticket=ST-15-KaF7aOpmOIdSQ6q63o2w-cas01.example.org&service=http%3A%2F%2F192.168.92.111%3A8081%2FProjectB%2F%3Bjsessionid%3D821328C87301F4C44BA0F30B81766C58 HTTP/1.1" 200 178
218.206.178.114 - - [28/Dec/2016:14:41:01 +0800] "GET /cas-server/login?service=http://218.206.179.233:8182/portal/initiatessologin HTTP/1.1" 200 7233
218.206.178.114 - - [28/Dec/2016:14:41:01 +0800] "GET /cas-server/css/cas.css;jsessionid=D0FC7425E2C5767889D85B7E256F878C HTTP/1.1" 200 7052
218.206.178.114 - - [28/Dec/2016:14:41:01 +0800] "GET /cas-server/js/cas.js;jsessionid=D0FC7425E2C5767889D85B7E256F878C HTTP/1.1" 200 2329
218.206.178.114 - - [28/Dec/2016:14:41:02 +0800] "GET /cas-server/favicon.ico;jsessionid=D0FC7425E2C5767889D85B7E256F878C HTTP/1.1" 200 170
218.206.178.114 - - [28/Dec/2016:14:41:24 +0800] "POST /cas-server/login;jsessionid=D0FC7425E2C5767889D85B7E256F878C?service=http://218.206.179.233:8182/portal/initiatessologin HTTP/1.1" 302 -
218.206.179.233 - - [28/Dec/2016:14:41:24 +0800] "GET /cas-server/proxyValidate?ticket=ST-16-sH7g1sXwIev2CLfGeHE6-cas01.example.org&service=http%3A%2F%2F218.206.179.233%3A8182%2Fportal%2Finitiatessologin HTTP/1.1" 200 174
218.206.178.114 - - [28/Dec/2016:14:42:18 +0800] "GET /cas-server/logout?service=http://218.206.179.233:8182/portal/g/:organization:management:executive-board/organization/management HTTP/1.1" 302 -
218.206.178.114 - - [28/Dec/2016:14:42:18 +0800] "GET /cas-server/login?service=http://218.206.179.233:8182/portal/initiatessologin HTTP/1.1" 200 7057
218.206.178.114 - - [28/Dec/2016:14:42:24 +0800] "POST /cas-server/login?service=http://218.206.179.233:8182/portal/initiatessologin HTTP/1.1" 302 -
218.206.179.233 - - [28/Dec/2016:14:42:24 +0800] "GET /cas-server/proxyValidate?ticket=ST-17-ZMokXxiPRkb6o1SksPzm-cas01.example.org&service=http%3A%2F%2F218.206.179.233%3A8182%2Fportal%2Finitiatessologin HTTP/1.1" 200 178
218.206.178.114 - - [28/Dec/2016:14:42:34 +0800] "GET /cas-server/login?service=http%3A%2F%2F192.168.92.111%3A8081%2FProjectB%2F HTTP/1.1" 302 -
192.168.92.111 - - [28/Dec/2016:14:42:34 +0800] "GET /cas-server/serviceValidate?ticket=ST-18-dZsU2hxAUjOBdPXF0G6q-cas01.example.org&service=http%3A%2F%2F192.168.92.111%3A8081%2FProjectB%2F%3Bjsessionid%3D5C2BB82D0DCF64842BC62C880C62D63D HTTP/1.1" 200 178
218.206.178.114 - - [28/Dec/2016:14:42:54 +0800] "GET /cas-server/logout?service=http://218.206.179.233:8182/portal/classic/justTest HTTP/1.1" 302 -
218.206.178.114 - - [28/Dec/2016:14:42:59 +0800] "GET /cas-server/login?service=http://218.206.179.233:8182/portal/initiatessologin HTTP/1.1" 200 7057
218.206.178.114 - - [28/Dec/2016:14:43:02 +0800] "POST /cas-server/login?service=http://218.206.179.233:8182/portal/initiatessologin HTTP/1.1" 302 -
218.206.179.233 - - [28/Dec/2016:14:43:02 +0800] "GET /cas-server/proxyValidate?ticket=ST-19-hKU1b42eMVGrgXTtCiO1-cas01.example.org&service=http%3A%2F%2F218.206.179.233%3A8182%2Fportal%2Finitiatessologin HTTP/1.1" 200 174
218.206.178.114 - - [28/Dec/2016:14:48:32 +0800] "GET /cas-server/logout?service=http://218.206.179.233:8182/portal/classic/justTest HTTP/1.1" 302 -
218.206.178.114 - - [28/Dec/2016:14:48:34 +0800] "GET /cas-server/logout?service=http://218.206.179.233:8182/portal/g/:organization:management:executive-board/organization/management HTTP/1.1" 302 -
218.206.178.114 - - [28/Dec/2016:14:48:34 +0800] "GET /cas-server/login?service=http://218.206.179.233:8182/portal/initiatessologin HTTP/1.1" 200 7057
218.206.178.114 - - [28/Dec/2016:14:48:36 +0800] "GET /cas-server/login?service=http://218.206.179.233:8182/portal/initiatessologin HTTP/1.1" 200 7057
218.206.178.114 - - [28/Dec/2016:14:48:37 +0800] "POST /cas-server/login?service=http://218.206.179.233:8182/portal/initiatessologin HTTP/1.1" 302 -
218.206.179.233 - - [28/Dec/2016:14:48:37 +0800] "GET /cas-server/proxyValidate?ticket=ST-20-4hRwT7SGVBKaDBbzF5Wv-cas01.example.org&service=http%3A%2F%2F218.206.179.233%3A8182%2Fportal%2Finitiatessologin HTTP/1.1" 200 174
218.206.178.114 - - [28/Dec/2016:14:48:41 +0800] "GET /cas-server/favicon.ico HTTP/1.1" 200 170
218.206.178.114 - - [28/Dec/2016:14:48:42 +0800] "GET /cas-server/logout?service=http://218.206.179.233:8182/portal/finacials/ HTTP/1.1" 302 -
218.206.178.114 - - [28/Dec/2016:14:48:42 +0800] "GET /cas-server/login?service=http://218.206.179.233:8182/portal/initiatessologin HTTP/1.1" 200 7057
218.206.178.114 - - [28/Dec/2016:14:48:47 +0800] "GET /cas-server/login?service=http://218.206.179.233:8182/portal/initiatessologin HTTP/1.1" 200 7057
218.206.178.114 - - [28/Dec/2016:14:48:48 +0800] "POST /cas-server/login?service=http://218.206.179.233:8182/portal/initiatessologin HTTP/1.1" 302 -
218.206.179.233 - - [28/Dec/2016:14:48:48 +0800] "GET /cas-server/proxyValidate?ticket=ST-21-xV4dfYMw0MF2BbY4QmNg-cas01.example.org&service=http%3A%2F%2F218.206.179.233%3A8182%2Fportal%2Finitiatessologin HTTP/1.1" 200 177
218.206.178.114 - - [28/Dec/2016:14:49:00 +0800] "GET /cas-server/logout?service=http://218.206.179.233:8182/portal/finacials/ HTTP/1.1" 302 -
218.206.178.114 - - [28/Dec/2016:14:49:00 +0800] "GET /cas-server/login?service=http://218.206.179.233:8182/portal/initiatessologin HTTP/1.1" 200 7057
218.206.178.114 - - [28/Dec/2016:14:49:07 +0800] "POST /cas-server/login?service=http://218.206.179.233:8182/portal/initiatessologin HTTP/1.1" 302 -
218.206.178.114 - - [28/Dec/2016:14:49:07 +0800] "POST /cas-server/login?service=http://218.206.179.233:8182/portal/initiatessologin HTTP/1.1" 302 -
218.206.178.114 - - [28/Dec/2016:14:49:07 +0800] "GET /cas-server/login?service=http://218.206.179.233:8182/portal/initiatessologin HTTP/1.1" 200 7057
218.206.178.114 - - [28/Dec/2016:14:49:14 +0800] "POST /cas-server/login?service=http://218.206.179.233:8182/portal/initiatessologin HTTP/1.1" 302 -
218.206.179.233 - - [28/Dec/2016:14:49:14 +0800] "GET /cas-server/proxyValidate?ticket=ST-23-bk0jjDKbpCXo2TeI6ryc-cas01.example.org&service=http%3A%2F%2F218.206.179.233%3A8182%2Fportal%2Finitiatessologin HTTP/1.1" 200 178
218.206.178.114 - - [28/Dec/2016:16:36:49 +0800] "GET /cas-server/logout?service=http://218.206.179.233:8182/portal/finacials/ HTTP/1.1" 302 -
218.206.178.114 - - [28/Dec/2016:16:44:45 +0800] "GET /cas-server/login?service=http%3A%2F%2F192.168.92.111%3A8081%2FProjectB%2F HTTP/1.1" 200 6994
218.206.178.114 - - [28/Dec/2016:17:36:17 +0800] "GET /cas-server/login?service=http://218.206.179.233:8182/portal/initiatessologin HTTP/1.1" 200 7233
218.206.178.114 - - [28/Dec/2016:17:36:17 +0800] "GET /cas-server/css/cas.css;jsessionid=308E2F24CA524D43B282115F983580B3 HTTP/1.1" 200 7052
218.206.178.114 - - [28/Dec/2016:17:36:17 +0800] "GET /cas-server/js/cas.js;jsessionid=308E2F24CA524D43B282115F983580B3 HTTP/1.1" 200 2329
218.206.178.114 - - [28/Dec/2016:17:36:17 +0800] "GET /cas-server/images/ja-sig-logo.gif HTTP/1.1" 200 1502
218.206.178.114 - - [28/Dec/2016:17:36:17 +0800] "GET /cas-server/images/key-point_tr.gif HTTP/1.1" 200 105
218.206.178.114 - - [28/Dec/2016:17:36:17 +0800] "GET /cas-server/images/error.gif HTTP/1.1" 200 1084
218.206.178.114 - - [28/Dec/2016:17:36:17 +0800] "GET /cas-server/images/key-point_tl.gif HTTP/1.1" 200 103
218.206.178.114 - - [28/Dec/2016:17:36:18 +0800] "GET /cas-server/images/key-point_br.gif HTTP/1.1" 200 186
218.206.178.114 - - [28/Dec/2016:17:36:18 +0800] "GET /cas-server/images/key-point_bl.gif HTTP/1.1" 200 102
218.206.178.114 - - [28/Dec/2016:17:36:24 +0800] "POST /cas-server/login;jsessionid=308E2F24CA524D43B282115F983580B3?service=http://218.206.179.233:8182/portal/initiatessologin HTTP/1.1" 302 -
218.206.179.233 - - [28/Dec/2016:17:36:24 +0800] "GET /cas-server/proxyValidate?ticket=ST-24-MWmtiJBLixfknTlbrJiY-cas01.example.org&service=http%3A%2F%2F218.206.179.233%3A8182%2Fportal%2Finitiatessologin HTTP/1.1" 200 174
218.206.178.114 - - [28/Dec/2016:17:36:59 +0800] "GET /cas-server/login?service=http%3A%2F%2F192.168.92.111%3A8081%2FProjectB%2F HTTP/1.1" 302 -
192.168.92.111 - - [28/Dec/2016:17:36:59 +0800] "GET /cas-server/serviceValidate?ticket=ST-25-dh5Eqls9kbRI2jFcKz1m-cas01.example.org&service=http%3A%2F%2F192.168.92.111%3A8081%2FProjectB%2F%3Bjsessionid%3D414DE8905D9C34EAB988221D3EF9D453 HTTP/1.1" 200 174
