218.206.178.114 - - [30/Dec/2016:11:17:45 +0800] "GET /cas-server/login?service=http%3A%2F%2F10.2.49.147%3A8080%2FOTSplatform.html HTTP/1.1" 200 7037
218.206.178.114 - - [30/Dec/2016:11:17:45 +0800] "GET /cas-server/css/cas.css HTTP/1.1" 200 7052
218.206.178.114 - - [30/Dec/2016:11:17:45 +0800] "GET /cas-server/js/cas.js HTTP/1.1" 200 2329
218.206.178.114 - - [30/Dec/2016:11:18:15 +0800] "GET /cas-server/favicon.ico HTTP/1.1" 200 170
218.206.178.114 - - [30/Dec/2016:11:19:22 +0800] "GET /cas-server/login?service=http://218.206.179.233:8182/portal/initiatessologin HTTP/1.1" 200 7234
218.206.178.114 - - [30/Dec/2016:11:19:22 +0800] "GET /cas-server/css/cas.css;jsessionid=4E32479E4A51C3CBF085EBB3EB3DBC42 HTTP/1.1" 200 7052
218.206.178.114 - - [30/Dec/2016:11:19:22 +0800] "GET /cas-server/js/cas.js;jsessionid=4E32479E4A51C3CBF085EBB3EB3DBC42 HTTP/1.1" 200 2329
218.206.178.114 - - [30/Dec/2016:11:19:23 +0800] "GET /cas-server/favicon.ico;jsessionid=4E32479E4A51C3CBF085EBB3EB3DBC42 HTTP/1.1" 200 170
218.206.178.114 - - [30/Dec/2016:11:19:23 +0800] "GET /cas-server/login?service=http://218.206.179.233:8182/portal/initiatessologin HTTP/1.1" 200 7058
218.206.178.114 - - [30/Dec/2016:11:19:26 +0800] "POST /cas-server/login?service=http://218.206.179.233:8182/portal/initiatessologin HTTP/1.1" 302 -
218.206.179.233 - - [30/Dec/2016:11:19:26 +0800] "GET /cas-server/proxyValidate?ticket=ST-88-oc1zWLlSIPbrbncRz7lF-cas01.example.org&service=http%3A%2F%2F218.206.179.233%3A8182%2Fportal%2Finitiatessologin HTTP/1.1" 200 174
218.206.178.114 - - [30/Dec/2016:11:19:55 +0800] "POST /cas-server/login?service=http%3A%2F%2F10.2.49.147%3A8080%2FOTSplatform.html HTTP/1.1" 302 -
218.206.178.114 - - [30/Dec/2016:11:20:08 +0800] "GET /cas-server/login?service=http%3A%2F%2F192.168.92.111%3A8081%2FProjectB%2F HTTP/1.1" 302 -
192.168.92.111 - - [30/Dec/2016:11:20:09 +0800] "GET /cas-server/serviceValidate?ticket=ST-90-qbcLOJOCfFgFy6fOxb3T-cas01.example.org&service=http%3A%2F%2F192.168.92.111%3A8081%2FProjectB%2F%3Bjsessionid%3D2E2BE804C379BBBA163B6B07A3D613AE HTTP/1.1" 200 174
218.206.178.114 - - [30/Dec/2016:11:20:38 +0800] "GET /cas-server/serviceValidate?ticket=ST-89-5PbVUAdXjDnfLYRMsJaJ-cas01.example.org&service=http%3A%2F%2F10.2.49.147%3A8080%2FOTSplatform.html HTTP/1.1" 200 256
218.206.178.114 - - [30/Dec/2016:11:21:04 +0800] "GET /cas-server/login?service=http%3A%2F%2F10.2.49.147%3A8080%2Ffavicon.ico HTTP/1.1" 302 -
218.206.178.114 - - [30/Dec/2016:11:21:09 +0800] "GET /cas-server/serviceValidate?ticket=ST-91-upRDeyVhQ9gaOeqB0UtG-cas01.example.org&service=http%3A%2F%2F10.2.49.147%3A8080%2Ffavicon.ico HTTP/1.1" 200 174
218.206.178.114 - - [30/Dec/2016:11:26:01 +0800] "GET /cas-server/login?service=http%3A%2F%2F10.2.49.147%3A8080%2FOTSplatform.html HTTP/1.1" 200 7213
218.206.178.114 - - [30/Dec/2016:11:26:01 +0800] "GET /cas-server/css/cas.css;jsessionid=20ED20E80CA4C52F64FEA53AB373BADD HTTP/1.1" 200 7052
218.206.178.114 - - [30/Dec/2016:11:26:01 +0800] "GET /cas-server/js/cas.js;jsessionid=20ED20E80CA4C52F64FEA53AB373BADD HTTP/1.1" 200 2329
218.206.178.114 - - [30/Dec/2016:11:26:01 +0800] "GET /cas-server/images/error.gif HTTP/1.1" 200 1084
218.206.178.114 - - [30/Dec/2016:11:26:01 +0800] "GET /cas-server/images/ja-sig-logo.gif HTTP/1.1" 200 1502
218.206.178.114 - - [30/Dec/2016:11:26:01 +0800] "GET /cas-server/images/key-point_tr.gif HTTP/1.1" 200 105
218.206.178.114 - - [30/Dec/2016:11:26:01 +0800] "GET /cas-server/images/key-point_tl.gif HTTP/1.1" 200 103
218.206.178.114 - - [30/Dec/2016:11:26:01 +0800] "GET /cas-server/images/key-point_br.gif HTTP/1.1" 200 186
218.206.178.114 - - [30/Dec/2016:11:26:01 +0800] "GET /cas-server/images/key-point_bl.gif HTTP/1.1" 200 102
218.206.178.114 - - [30/Dec/2016:11:26:31 +0800] "GET /cas-server/favicon.ico;jsessionid=20ED20E80CA4C52F64FEA53AB373BADD HTTP/1.1" 200 170
218.206.178.114 - - [30/Dec/2016:11:26:34 +0800] "POST /cas-server/login;jsessionid=20ED20E80CA4C52F64FEA53AB373BADD?service=http%3A%2F%2F10.2.49.147%3A8080%2FOTSplatform.html HTTP/1.1" 302 -
218.206.178.114 - - [30/Dec/2016:11:26:50 +0800] "GET /cas-server/serviceValidate?ticket=ST-92-AWitasT6WxuRibqTNkad-cas01.example.org&service=http%3A%2F%2F10.2.49.147%3A8080%2FOTSplatform.html%3Bjsessionid%3Dgycql7dznxsr8z91a1rojqlq HTTP/1.1" 200 256
218.206.178.114 - - [30/Dec/2016:11:27:18 +0800] "GET /cas-server/login?service=http%3A%2F%2F10.2.49.147%3A8080%2FOTSplatform.html HTTP/1.1" 302 -
218.206.178.114 - - [30/Dec/2016:11:27:18 +0800] "GET /cas-server/serviceValidate?ticket=ST-93-eODpcHrpEFMSAFJrSOwF-cas01.example.org&service=http%3A%2F%2F10.2.49.147%3A8080%2FOTSplatform.html HTTP/1.1" 200 174
218.206.178.114 - - [30/Dec/2016:11:42:44 +0800] "GET /cas-server/logout?service=http://218.206.179.233:8182/portal/g/:organization:management:executive-board/organization/management HTTP/1.1" 302 -
218.206.178.114 - - [30/Dec/2016:11:42:48 +0800] "GET /cas-server/login?service=http://218.206.179.233:8182/portal/initiatessologin HTTP/1.1" 200 7058
218.206.178.114 - - [30/Dec/2016:11:42:56 +0800] "POST /cas-server/login?service=http://218.206.179.233:8182/portal/initiatessologin HTTP/1.1" 302 -
218.206.179.233 - - [30/Dec/2016:11:42:56 +0800] "GET /cas-server/proxyValidate?ticket=ST-94-bHIPSlCJUigS20mUY3Pq-cas01.example.org&service=http%3A%2F%2F218.206.179.233%3A8182%2Fportal%2Finitiatessologin HTTP/1.1" 200 176
218.206.178.114 - - [30/Dec/2016:11:43:04 +0800] "GET /cas-server/logout?service=http://218.206.179.233:8182/portal/finacials/ HTTP/1.1" 302 -
218.206.178.114 - - [30/Dec/2016:11:43:04 +0800] "GET /cas-server/login?service=http://218.206.179.233:8182/portal/initiatessologin HTTP/1.1" 200 7058
218.206.178.114 - - [30/Dec/2016:11:43:16 +0800] "POST /cas-server/login?service=http://218.206.179.233:8182/portal/initiatessologin HTTP/1.1" 302 -
218.206.179.233 - - [30/Dec/2016:11:43:16 +0800] "GET /cas-server/proxyValidate?ticket=ST-95-AVwwu0D55EPPm7DfBjLS-cas01.example.org&service=http%3A%2F%2F218.206.179.233%3A8182%2Fportal%2Finitiatessologin HTTP/1.1" 200 180
218.206.178.114 - - [30/Dec/2016:11:47:58 +0800] "GET /cas-server/login?service=http://218.206.179.233:8182/portal/initiatessologin HTTP/1.1" 302 -
218.206.179.233 - - [30/Dec/2016:11:47:58 +0800] "GET /cas-server/proxyValidate?ticket=ST-96-dcNL7x2blBipfORBwhH1-cas01.example.org&service=http%3A%2F%2F218.206.179.233%3A8182%2Fportal%2Finitiatessologin HTTP/1.1" 200 180
218.206.178.114 - - [30/Dec/2016:11:48:05 +0800] "GET /cas-server/logout?service=http://218.206.179.233:8182/portal/classic/ HTTP/1.1" 302 -
218.206.178.114 - - [30/Dec/2016:11:48:08 +0800] "GET /cas-server/login?service=http://218.206.179.233:8182/portal/initiatessologin HTTP/1.1" 200 7058
218.206.178.114 - - [30/Dec/2016:11:48:16 +0800] "POST /cas-server/login?service=http://218.206.179.233:8182/portal/initiatessologin HTTP/1.1" 302 -
218.206.179.233 - - [30/Dec/2016:11:48:16 +0800] "GET /cas-server/proxyValidate?ticket=ST-97-idmofezXJwdx3s5CQUNA-cas01.example.org&service=http%3A%2F%2F218.206.179.233%3A8182%2Fportal%2Finitiatessologin HTTP/1.1" 200 176
218.206.178.114 - - [30/Dec/2016:12:01:37 +0800] "GET /cas-server/login?service=http://218.206.179.233:8182/portal/initiatessologin HTTP/1.1" 200 7234
218.206.178.114 - - [30/Dec/2016:12:02:03 +0800] "GET /cas-server/login?service=http://218.206.179.233:8182/portal/initiatessologin HTTP/1.1" 200 7234
218.206.178.114 - - [30/Dec/2016:12:02:03 +0800] "GET /cas-server/css/cas.css;jsessionid=6F291AB341DEE6DD230A7C84D8FF15F7 HTTP/1.1" 200 7052
218.206.178.114 - - [30/Dec/2016:12:02:03 +0800] "GET /cas-server/js/cas.js;jsessionid=6F291AB341DEE6DD230A7C84D8FF15F7 HTTP/1.1" 200 2329
218.206.178.114 - - [30/Dec/2016:12:02:03 +0800] "GET /cas-server/images/error.gif HTTP/1.1" 200 1084
218.206.178.114 - - [30/Dec/2016:12:02:03 +0800] "GET /cas-server/images/ja-sig-logo.gif HTTP/1.1" 200 1502
218.206.178.114 - - [30/Dec/2016:12:02:03 +0800] "GET /cas-server/images/key-point_tl.gif HTTP/1.1" 200 103
218.206.178.114 - - [30/Dec/2016:12:02:03 +0800] "GET /cas-server/images/key-point_tr.gif HTTP/1.1" 200 105
218.206.178.114 - - [30/Dec/2016:12:02:03 +0800] "GET /cas-server/images/key-point_br.gif HTTP/1.1" 200 186
218.206.178.114 - - [30/Dec/2016:12:02:03 +0800] "GET /cas-server/images/key-point_bl.gif HTTP/1.1" 200 102
218.206.178.114 - - [30/Dec/2016:12:02:10 +0800] "POST /cas-server/login;jsessionid=6F291AB341DEE6DD230A7C84D8FF15F7?service=http://218.206.179.233:8182/portal/initiatessologin HTTP/1.1" 302 -
218.206.179.233 - - [30/Dec/2016:12:02:10 +0800] "GET /cas-server/proxyValidate?ticket=ST-98-MQ3Umuw6nKh5AKMfpzRl-cas01.example.org&service=http%3A%2F%2F218.206.179.233%3A8182%2Fportal%2Finitiatessologin HTTP/1.1" 200 174
218.206.178.114 - - [30/Dec/2016:12:15:14 +0800] "GET /cas-server/login?service=http%3A%2F%2F10.2.49.147%3A8080%2Fext-4.2.1-gpl%2Fresources%2Fext-theme-gray%2Fimages%2Fgrid%2Floading.gif HTTP/1.1" 302 -
218.206.178.114 - - [30/Dec/2016:12:15:14 +0800] "GET /cas-server/login?service=http%3A%2F%2F10.2.49.147%3A8080%2FcaseManageHome1.html%3Fkey%3D%26language%3DEN HTTP/1.1" 302 -
218.206.178.114 - - [30/Dec/2016:12:15:24 +0800] "GET /cas-server/serviceValidate?ticket=ST-99-7e5V1BWLifKBweHnwBug-cas01.example.org&service=http%3A%2F%2F10.2.49.147%3A8080%2Fext-4.2.1-gpl%2Fresources%2Fext-theme-gray%2Fimages%2Fgrid%2Floading.gif HTTP/1.1" 200 256
218.206.178.114 - - [30/Dec/2016:12:15:25 +0800] "GET /cas-server/serviceValidate?ticket=ST-100-7fpZjdTxGWdYGhizCor6-cas01.example.org&service=http%3A%2F%2F10.2.49.147%3A8080%2FcaseManageHome1.html%3Fkey%3D%26language%3DEN HTTP/1.1" 200 257
218.206.178.114 - - [30/Dec/2016:12:15:37 +0800] "GET /cas-server/login?service=http%3A%2F%2F10.2.49.147%3A8080%2FOTSplatform.html HTTP/1.1" 302 -
218.206.178.114 - - [30/Dec/2016:12:15:42 +0800] "GET /cas-server/serviceValidate?ticket=ST-101-rQZoi4UVRHgBape0gQRk-cas01.example.org&service=http%3A%2F%2F10.2.49.147%3A8080%2FOTSplatform.html HTTP/1.1" 200 174
218.206.178.114 - - [30/Dec/2016:14:26:20 +0800] "GET /cas-server/login?service=http://218.206.179.233:8182/portal/initiatessologin HTTP/1.1" 200 7234
218.206.178.114 - - [30/Dec/2016:14:26:20 +0800] "GET /cas-server/css/cas.css;jsessionid=39DE22D6555F5B99B2DDD72157B74577 HTTP/1.1" 200 7052
218.206.178.114 - - [30/Dec/2016:14:26:20 +0800] "GET /cas-server/js/cas.js;jsessionid=39DE22D6555F5B99B2DDD72157B74577 HTTP/1.1" 200 2329
218.206.178.114 - - [30/Dec/2016:14:26:56 +0800] "GET /cas-server/login?service=http://218.206.179.233:8182/portal/initiatessologin HTTP/1.1" 200 7058
218.206.178.114 - - [30/Dec/2016:14:26:56 +0800] "GET /cas-server/css/cas.css HTTP/1.1" 200 7052
218.206.178.114 - - [30/Dec/2016:14:26:56 +0800] "GET /cas-server/js/cas.js HTTP/1.1" 200 2329
218.206.178.114 - - [30/Dec/2016:14:27:05 +0800] "POST /cas-server/login?service=http://218.206.179.233:8182/portal/initiatessologin HTTP/1.1" 302 -
218.206.179.233 - - [30/Dec/2016:14:27:05 +0800] "GET /cas-server/proxyValidate?ticket=ST-102-k5tOukhYHuxz0jFWutWa-cas01.example.org&service=http%3A%2F%2F218.206.179.233%3A8182%2Fportal%2Finitiatessologin HTTP/1.1" 200 174
218.206.178.114 - - [30/Dec/2016:14:28:19 +0800] "GET /cas-server/logout?service=http://218.206.179.233:8182/portal/classic/ HTTP/1.1" 302 -
218.206.178.114 - - [30/Dec/2016:14:28:30 +0800] "GET /cas-server/login?service=http://218.206.179.233:8182/portal/initiatessologin HTTP/1.1" 200 7058
218.206.178.114 - - [30/Dec/2016:14:28:36 +0800] "POST /cas-server/login?service=http://218.206.179.233:8182/portal/initiatessologin HTTP/1.1" 200 7124
218.206.178.114 - - [30/Dec/2016:14:28:42 +0800] "POST /cas-server/login?service=http://218.206.179.233:8182/portal/initiatessologin HTTP/1.1" 302 -
218.206.179.233 - - [30/Dec/2016:14:28:42 +0800] "GET /cas-server/proxyValidate?ticket=ST-103-CMyKRdwAyn6SPQ4dbXaJ-cas01.example.org&service=http%3A%2F%2F218.206.179.233%3A8182%2Fportal%2Finitiatessologin HTTP/1.1" 200 174
218.206.178.114 - - [30/Dec/2016:15:08:04 +0800] "GET /cas-server/login?service=http://218.206.179.233:8182/portal/initiatessologin HTTP/1.1" 302 -
218.206.179.233 - - [30/Dec/2016:15:08:04 +0800] "GET /cas-server/proxyValidate?ticket=ST-104-efyLgHASKlZkAF3Lgle2-cas01.example.org&service=http%3A%2F%2F218.206.179.233%3A8182%2Fportal%2Finitiatessologin HTTP/1.1" 200 174
218.206.178.114 - - [30/Dec/2016:15:11:50 +0800] "GET /cas-server/login?service=http%3A%2F%2F192.168.92.111%3A8081%2FProjectB%2F%3Bjsessionid%3D9B66E4C98BA9737F267C253194AC244E HTTP/1.1" 200 8003
218.206.178.114 - - [30/Dec/2016:15:11:50 +0800] "GET /cas-server/css/cas.css HTTP/1.1" 200 7052
218.206.178.114 - - [30/Dec/2016:15:11:50 +0800] "GET /cas-server/js/cas.js HTTP/1.1" 200 2329
218.206.178.114 - - [30/Dec/2016:15:12:04 +0800] "POST /cas-server/login?service=http%3A%2F%2F192.168.92.111%3A8081%2FProjectB%2F%3Bjsessionid%3D9B66E4C98BA9737F267C253194AC244E HTTP/1.1" 302 -
192.168.92.111 - - [30/Dec/2016:15:12:04 +0800] "GET /cas-server/serviceValidate?ticket=ST-105-QFwIXcioIoJYOtZ4MAZT-cas01.example.org&service=http%3A%2F%2F192.168.92.111%3A8081%2FProjectB%2F%3Bjsessionid%3D9B66E4C98BA9737F267C253194AC244E%3Bjsessionid%3D266D10093D5B5326D472AB07B7BAF644 HTTP/1.1" 200 174
218.206.178.114 - - [30/Dec/2016:15:28:50 +0800] "GET /cas-server/login?service=http://218.206.179.233:8182/portal/initiatessologin HTTP/1.1" 302 -
218.206.179.233 - - [30/Dec/2016:15:28:50 +0800] "GET /cas-server/proxyValidate?ticket=ST-106-YPYJMMc6zrFje7nbKRoh-cas01.example.org&service=http%3A%2F%2F218.206.179.233%3A8182%2Fportal%2Finitiatessologin HTTP/1.1" 200 174
218.206.178.114 - - [30/Dec/2016:17:36:05 +0800] "GET /cas-server/serviceValidate?ticket=ST-6-Rg0RUXjT4vzLtiRCRIrR-cas01.example.org&service=http%3A%2F%2F10.2.49.147%3A8080%2Fportal%2Finitiatessologin%3Bjsessionid%3D1ekahevh70bjm1jf94pnput500 HTTP/1.1" 200 255
218.206.178.114 - - [30/Dec/2016:17:36:06 +0800] "GET /cas-server/login?service=http%3A%2F%2F10.2.49.147%3A8080%2Ffavicon.ico HTTP/1.1" 200 6932
218.206.178.114 - - [30/Dec/2016:17:36:14 +0800] "GET /cas-server/login?service=http%3A%2F%2F10.2.49.147%3A8080%2Fportal%2Fdologin%3Fusername%3Droot%26password%3DF23371C59E18EC93A33EFA46CC15E73B_1483090586723 HTTP/1.1" 200 8695
218.206.178.114 - - [30/Dec/2016:17:36:31 +0800] "GET /cas-server/favicon.ico HTTP/1.1" 200 170
